[root@n134 ~]# mmlsnodeclass 
Node Class Name       Members
--------------------- -----------------------------------------------------------
opaServers            gpfs01,gpfs02,n095,n097,n098,n099,n101,n103,n104,n106,n107
                      n108,n109,n110,n111,n112,n113,n114,n117,n118,n119,n120
                      n122,n123,n124,n125,n126,n127,n128,n129,n130,n105,n121
                      n100,n102,n115,n116
compute               n131,n095,n097,n098,n099,n101,n103,n104,n106,n107,n108
                      n109,n110,n111,n112,n113,n114,n117,n118,n119,n120,n122
                      n123,n124,n125,n126,n127,n128,n129,n130,n105,n121,n132
                      n133,n134,n135,n136,n138,n139,n140,n141,n142,n143,n145
                      n146,n147,n148,n149,n150,n151,n152,n153,n154,n155,n158
                      n100,n102,n115,n159,n156,n157,n116,n161,n162,n163,n164
                      n165,n166,n167,n168,n169,n170,n171,n172,n173,n174,n160
service               gpfs01,gpfs02
ibServers             gpfs01,gpfs02,n131,n132,n133,n134,n135,n136,n138,n139,n140
                      n141,n142,n143,n145,n146,n147,n148,n149,n150,n151,n152
                      n153,n154,n155,n158,n156,n157
[root@n134 ~]# 

#icelake - Mellanox

[root@n134 ~]# ibstat
CA 'mlx5_0'
        CA type: MT4123
        Number of ports: 1
        Firmware version: 20.43.2026
        Hardware version: 0
        Node GUID: 0xb8cef603002656a2
        System image GUID: 0xb8cef603002656a2
        Port 1:
                State: Active
                Physical state: LinkUp
                Rate: 100
                Base lid: 38
                LMC: 0
                SM lid: 1
                Capability mask: 0xa651e848
                Port GUID: 0xb8cef603002656a2
                Link l

[root@n134 ~]# mmlsconfig
Configuration data for cluster GPFS.ESI-Group:
----------------------------------------------
clusterName GPFS.ESI-Group
clusterId 1194318350905388747
autoload yes
dmapiFileHandleSize 32
ccrEnabled yes
cipherList AUTHONLY
maxMBpS 12000
maxblocksize 4M
workerThreads 1024
socketMaxListenConnections 1024
cesSharedRoot /gpfs/ces
cifsBypassTraversalChecking yes
syncSambaMetadataOps yes
cifsBypassShareLocksOnRename yes
[nsdNodes]
maxFilesToCache 256000
maxStatCache 256000
[ibServers,nsdNodes,opaServers]
verbsRdma enable
[nsdNodes]
verbsPorts mlx5_0/1/0  hfi1_0/1/1
[opaServers]
verbsPorts hfi1_0/1/1
[ibServers]
verbsPorts mlx5_0/1/0
[gpfs01,gpfs02]
traceRecycle local
[nsdNodes]
pagepool 32G
[service]
pagepool 2G
[compute]
pagepool 4G
[gpfs01,gpfs02]
trace all 9
[cesNodes]
trace all 9 iolite 0
[gpfs01,gpfs02,cesNodes]
tracedevTimeFormat calendar
[common]
minReleaseLevel 5.1.6.0
tiebreakerDisks GPFS_MD_LUN01;GPFS_MD_LUN03;GPFS_MD_LUN04
cesCidrPool <IP=10.25.88.14><ATTRIBUTE=><GROUP=><PREFIX=>+<IP=10.25.88.200><ATTRIBUTE=><GROUP=><PREFIX=>+<IP=10.25.80.17><ATTRIBUTE=><GROUP=><PREFIX=>
adminMode central

Mellanox is a big vendor in the interconnection of compute nodes

### Skylake

[root@n119 ~]# ibstat
CA 'hfi1_0'
        CA type: 
        Number of ports: 1
        Firmware version: 4.2.5
        Hardware version: 11
        Node GUID: 0x00117509013b8a6f
        System image GUID: 0x00117509013b8a6f
        Port 1:
                State: Active
                Physical state: LinkUp
                Rate: 100
                Base lid: 39
                LMC: 0
                SM lid: 1
                Capability mask: 0x00490020
                Port GUID: 0x00117509013b8a6f
                Link layer: InfiniBand

[root@n119 ~]# opainfo
hfi1_0:1                           PortGID:0xfe80000000000000:00117509013b8a6f
   PortState:     Active
   LinkSpeed      Act: 25Gb         En: 25Gb        
   LinkWidth      Act: 4            En: 4           
   LinkWidthDnGrd ActTx: 4  Rx: 4   En: 3,4         
   LCRC           Act: 14-bit       En: 14-bit,16-bit,48-bit       Mgmt: True 
   LID: 0x00000027-0x00000027       SM LID: 0x00000001 SL: 0 
         QSFP Copper,       3m  Hitachi Metals    P/N IQSFP26C-30       Rev 03
   Xmit Data:           47193239 MB Pkts:          62282605444
   Recv Data:           44512109 MB Pkts:          60776114193
   Link Quality: 5 (Excellent)
[root@n119 ~]# 

knowledge infiniband 
https://nvdam.widen.net/s/5j7xtzqfxd/connectx-6-infiniband-datasheet-1987500-r2

will be necessary 


[root@n134 ~]# ibnetdiscover
#
# Topology file: generated on Wed Aug 27 11:05:49 2025
#
# Initiated from node b8cef603002656a2 port b8cef603002656a2

vendid=0x2c9
devid=0xcb20
sysimgguid=0x248a070300671440
switchguid=0x248a070300671440(248a070300671440)
Switch  36 "S-248a070300671440"         # "MF0;swib4:MSB7700/U1" enhanced port 0 lid 1 lmc 0
[1]     "H-98039b03007fdc34"[1](98039b03007fdc34)               # "bruclu016-n02 mlx5_0" lid 31 4xEDR
[17]    "S-506b4b030085cdd0"[35]                # "MF0;swib5:MSB7800/U1" lid 61 4xEDR
[18]    "S-506b4b030085cdd0"[36]                # "MF0;swib5:MSB7800/U1" lid 61 4xEDR
[19]    "S-506b4b030085cdd0"[33]                # "MF0;swib5:MSB7800/U1" lid 61 4xEDR
[20]    "S-506b4b030085cdd0"[34]                # "MF0;swib5:MSB7800/U1" lid 61 4xEDR
[21]    "S-506b4b030085cdd0"[31]                # "MF0;swib5:MSB7800/U1" lid 61 4xEDR
[22]    "S-506b4b030085cdd0"[32]                # "MF0;swib5:MSB7800/U1" lid 61 4xEDR

vendid=0x2c9
devid=0xcf08
sysimgguid=0x506b4b030085cdd0
switchguid=0x506b4b030085cdd0(506b4b030085cdd0)
Switch  37 "S-506b4b030085cdd0"         # "MF0;swib5:MSB7800/U1" enhanced port 0 lid 61 lmc 0
[1]     "H-08c0eb0300ddd092"[1](8c0eb0300ddd092)                # "n137 HCA-1" lid 34 4xEDR
[2]     "H-e8ebd303009b00e0"[1](e8ebd303009b00e0)               # "n138 HCA-1" lid 53 4xEDR
[3]     "H-08c0eb0300e4aae6"[1](8c0eb0300e4aae6)                # "n141 HCA-1" lid 57 4xEDR
[4]     "H-08c0eb0300ddc69e"[1](8c0eb0300ddc69e)                # "n142 HCA-1" lid 43 4xEDR
[5]     "H-08c0eb0300ddddee"[1](8c0eb0300ddddee)                # "n145 HCA-1" lid 45 4xEDR
[6]     "H-08c0eb0300dde77a"[1](8c0eb0300dde77a)                # "n146 HCA-1" lid 47 4xEDR
[7]     "H-08c0eb0300ddc65a"[1](8c0eb0300ddc65a)                # "n149 HCA-1" lid 42 4xEDR
[8]     "H-08c0eb0300ddd08a"[1](8c0eb0300ddd08a)                # "n150 HCA-1" lid 58 4xEDR
[9]     "H-08c0eb0300e4acc2"[1](8c0eb0300e4acc2)                # "n153 HCA-1" lid 44 4xEDR
[10]    "H-08c0eb0300ddddea"[1](8c0eb0300ddddea)                # "n154 mlx5_0" lid 46 4xEDR
[11]    "H-08c0eb0300ddc692"[1](8c0eb0300ddc692)                # "n157 HCA-1" lid 51 4xEDR
[12]    "H-e8ebd303009b0518"[1](e8ebd303009b0518)               # "n158 mlx5_0" lid 50 4xEDR
[13]    "H-e8ebd303009b00d4"[1](e8ebd303009b00d4)               # "n156 HCA-1" lid 52 4xEDR
[14]    "H-e8ebd303009b080c"[1](e8ebd303009b080c)               # "n155 HCA-1" lid 40 4xEDR
[15]    "H-08c0eb0300ddc696"[1](8c0eb0300ddc696)                # "n152 HCA-1" lid 48 4xEDR
[16]    "H-08c0eb0300ddc68e"[1](8c0eb0300ddc68e)                # "n151 HCA-1" lid 59 4xEDR
[17]    "H-08c0eb0300dde346"[1](8c0eb0300dde346)                # "n148 HCA-1" lid 41 4xEDR
[18]    "H-08c0eb0300ddc642"[1](8c0eb0300ddc642)                # "n147 HCA-1" lid 55 4xEDR
[19]    "H-08c0eb0300e4aaea"[1](8c0eb0300e4aaea)                # "n144 HCA-1" lid 49 4xEDR
[20]    "H-08c0eb0300ddd066"[1](8c0eb0300ddd066)                # "n143 HCA-1" lid 54 4xEDR
[21]    "H-08c0eb0300ddcfc6"[1](8c0eb0300ddcfc6)                # "n139 mlx5_0" lid 56 4xEDR
[22]    "H-e8ebd303009b051c"[1](e8ebd303009b051c)               # "n140 HCA-1" lid 60 4xEDR
[23]    "H-08c0eb0300e4ab06"[1](8c0eb0300e4ab06)                # "n135 mlx5_0" lid 33 4xEDR
[24]    "H-08c0eb0300ddc69a"[1](8c0eb0300ddc69a)                # "n136 HCA-1" lid 39 4xEDR
[25]    "H-98039b03007fdc20"[1](98039b03007fdc20)               # "bruclu016-n01 mlx5_0" lid 30 4xEDR


[31]    "S-248a070300671440"[21]                # "MF0;swib4:MSB7700/U1" lid 1 4xEDR
[32]    "S-248a070300671440"[22]                # "MF0;swib4:MSB7700/U1" lid 1 4xEDR
[33]    "S-248a070300671440"[19]                # "MF0;swib4:MSB7700/U1" lid 1 4xEDR
[34]    "S-248a070300671440"[20]                # "MF0;swib4:MSB7700/U1" lid 1 4xEDR
[35]    "S-248a070300671440"[17]                # "MF0;swib4:MSB7700/U1" lid 1 4xEDR
[36]    "S-248a070300671440"[18]                # "MF0;swib4:MSB7700/U1" lid 1 4xEDR

ibstat | ibport

root@n134 ~]# ibstatus
Infiniband device 'mlx5_0' port 1 status:
        default gid:     fe80:0000:0000:0000:b8ce:f603:0026:56a2
        base lid:        0x26
        sm lid:          0x1
        state:           4: ACTIVE
        phys state:      5: LinkUp
        rate:            100 Gb/sec (4X EDR)
        link_layer:      InfiniBand
		
Homework - to do these commands using icelakes nodes

[root@bruclu016-n01 ~]# opareport -o links
Getting All Node Records...                                                     
Processed      0 of     38 Nodes...                                Processed     25 of     38 Nodes...                                Done Getting All Node Records                                                   
Getting All Link Records...                                        Done Getting All Link Records                                                   
Getting All Cable Info Records...                                  Done Getting All Cable Info Records                                             
Getting All SM Info Records...                                     Done Getting All SM Info Records                                                
Getting vFabric Records...                                         Done Getting vFabric Records                                                    
Link Summary

37 Links in Fabric:
Rate NodeGUID          Port Type Name
100g 0x0011750101094853   1 FI   bruclu016-n02 hfi1_0
<->  0x00117501020c4820  16 SW   OmniPth00117501ff0c4820
100g 0x00117501010957de   1 FI   bruclu016-n01 hfi1_0
<->  0x00117501020c4820  15 SW   OmniPth00117501ff0c4820
100g 0x001175010170200b   1 FI   n097 hfi1_0
<->  0x00117501020c4820  18 SW   OmniPth00117501ff0c4820
100g 0x001175010170240a   1 FI   n106 hfi1_0
<->  0x00117501020c4820  37 SW   OmniPth00117501ff0c4820
100g 0x0011750101709167   1 FI   n101 hfi1_0
<->  0x00117501020c4820  40 SW   OmniPth00117501ff0c4820
100g 0x00117501017091c4   1 FI   n100 hfi1_0
<->  0x00117501020c4820  42 SW   OmniPth00117501ff0c4820

CA 'hfi1_0' -- OmniPath
CA 'mlx5_0' -- Mellanox

[root@bruclu016-n01 ~]# mmhealth node show

Node name:      gpfs01
Node status:    TIPS
Status Change:  9 hours ago

Component      Status        Status Change     Reasons & Notices
------------------------------------------------------------------------------
GPFS           TIPS          9 hours ago       total_memory_small
NETWORK        HEALTHY       209 days ago      -
FILESYSTEM     HEALTHY       33 days ago       -
DISK           HEALTHY       143 days ago      - #netapp devices
CES            HEALTHY       143 days ago      -   #gpfs information 

[root@bruclu016-n01 ~]# mmces service list
Enabled services: NFS SMB
NFS is running, SMB is running
[root@bruclu016-n01 ~]# mmces node
mmces node: Missing arguments. 
Usage:
        mmces node {suspend [--stop] | resume [--start]}
                 [-N {Node[,Node...] | NodeFile | NodeClass} | -a]
        mmces node list [--ces-group Group[,Group...]] [--verbose]
mmces node : Command failed. Examine previous error messages to determine cause.
[root@bruclu016-n01 ~]# mmces node list
Node Number   Node Name   Node Groups   Node Flags
------------- ----------- ------------- ------------ 
1             gpfs01                    none
2             gpfs02                    none
[root@bruclu016-n01 ~]# 

About CES:
https://www.ibm.com/docs/en/storage-scale/5.2.1?topic=gpfs-cluster-export-services-overview


[root@bruclu016-n01 ~]# mmlsnodeclass 

Node Class Name       Members
--------------------- -----------------------------------------------------------
opaServers            gpfs01,gpfs02,n095,n097,n098,n099,n101,n103,n104,n106,n107
                      n108,n109,n110,n111,n112,n113,n114,n117,n118,n119,n120
                      n122,n123,n124,n125,n126,n127,n128,n129,n130,n105,n121
                      n100,n102,n115,n116
compute               n131,n095,n097,n098,n099,n101,n103,n104,n106,n107,n108
                      n109,n110,n111,n112,n113,n114,n117,n118,n119,n120,n122
                      n123,n124,n125,n126,n127,n128,n129,n130,n105,n121,n132
                      n133,n134,n135,n136,n138,n139,n140,n141,n142,n143,n145
                      n146,n147,n148,n149,n150,n151,n152,n153,n154,n155,n158
                      n100,n102,n115,n159,n156,n157,n116,n161,n162,n163,n164
                      n165,n166,n167,n168,n169,n170,n171,n172,n173,n174,n160
service               gpfs01,gpfs02
ibServers             gpfs01,gpfs02,n131,n132,n133,n134,n135,n136,n138,n139,n140
                      n141,n142,n143,n145,n146,n147,n148,n149,n150,n151,n152
                      n153,n154,n155,n158,n156,n157
[root@bruclu016-n01 ~]# 

clientLicense         n131,n095,master,login01,login02,n096,n097,n098,n099,n101
                      n103,n104,n106,n107,n108,n109,n110,n111,n112,n113,n114
                      n117,n118,n119,n120,n122,n123,n124,n125,n126,n127,n128
                      n129,n130,n105,n121,n132,n133,n134,n135,n136,n138,n139
                      n140,n141,n142,n143,n145,n146,n147,n148,n149,n150,n151
                      n152,n153,n154,n155,n158,n100,n102,n115,n159,n156,n157
                      n116,n161,n162,n163,n164,n165,n166,n167,n168,n169,n170
                      n171,n172,n173,n174,n160,n137,n144
clientNodes           n131,n095,master,login01,login02,n096,n097,n098,n099,n101
                      n103,n104,n106,n107,n108,n109,n110,n111,n112,n113,n114
                      n117,n118,n119,n120,n122,n123,n124,n125,n126,n127,n128
                      n129,n130,n105,n121,n132,n133,n134,n135,n136,n138,n139
                      n140,n141,n142,n143,n145,n146,n147,n148,n149,n150,n151
                      n152,n153,n154,n155,n158,n100,n102,n115,n159,n156,n157
                      n116,n161,n162,n163,n164,n165,n166,n167,n168,n169,n170
                      n171,n172,n173,n174,n160,n137,n144
nonQuorumNodes        n131,n095,master,login01,login02,n096,n097,n098,n099,n101
                      n103,n104,n106,n107,n108,n109,n110,n111,n112,n113,n114
                      n117,n118,n119,n120,n122,n123,n124,n125,n126,n127,n128
                      n129,n130,n105,n121,n132,n133,n134,n135,n136,n138,n139
                      n140,n141,n142,n143,n145,n146,n147,n148,n149,n150,n151
                      n152,n153,n154,n155,n158,n100,n102,n115,n159,n156,n157
                      n116,n161,n162,n163,n164,n165,n166,n167,n168,n169,n170
                      n171,n172,n173,n174,n160,n137,n144
nonWindowsNodes       gpfs01,gpfs02,n131,n095,master,login01,login02,n096,n097
                      n098,n099,n101,n103,n104,n106,n107,n108,n109,n110,n111
                      n112,n113,n114,n117,n118,n119,n120,n122,n123,n124,n125
                      n126,n127,n128,n129,n130,n105,n121,n132,n133,n134,n135
                      n136,n138,n139,n140,n141,n142,n143,n145,n146,n147,n148
                      n149,n150,n151,n152,n153,n154,n155,n158,n100,n102,n115
                      n159,n156,n157,n116,n161,n162,n163,n164,n165,n166,n167
                      n168,n169,n170,n171,n172,n173,n174,n160,n137,n144
nsdNodes              gpfs01,gpfs02
quorumNodes           gpfs01,gpfs02
serverLicense         gpfs01,gpfs02
windowsNodes          
opaServers            gpfs01,gpfs02,n095,n097,n098,n099,n101,n103,n104,n106,n107
                      n108,n109,n110,n111,n112,n113,n114,n117,n118,n119,n120
                      n122,n123,n124,n125,n126,n127,n128,n129,n130,n105,n121
                      n100,n102,n115,n116
compute               n131,n095,n097,n098,n099,n101,n103,n104,n106,n107,n108
                      n109,n110,n111,n112,n113,n114,n117,n118,n119,n120,n122
                      n123,n124,n125,n126,n127,n128,n129,n130,n105,n121,n132
                      n133,n134,n135,n136,n138,n139,n140,n141,n142,n143,n145
                      n146,n147,n148,n149,n150,n151,n152,n153,n154,n155,n158
                      n100,n102,n115,n159,n156,n157,n116,n161,n162,n163,n164
                      n165,n166,n167,n168,n169,n170,n171,n172,n173,n174,n160
service               gpfs01,gpfs02
ibServers             gpfs01,gpfs02,n131,n132,n133,n134,n135,n136,n138,n139,n140
                      n141,n142,n143,n145,n146,n147,n148,n149,n150,n151,n152
                      n153,n154,n155,n158,n156,n157
					  
[root@bruclu016-n01 ~]# mmlscluster 

GPFS cluster information
========================
  GPFS cluster name:         GPFS.ESI-Group
  GPFS cluster id:           1194318350905388747
  GPFS UID domain:           GPFS.ESI-Group
  Remote shell command:      /usr/bin/ssh
  Remote file copy command:  /usr/bin/scp
  Repository type:           CCR

 Node  Daemon node name  IP address       Admin node name  Designation
-----------------------------------------------------------------------
   1   gpfs01            10.25.80.15      gpfs01           quorum-manager
   2   gpfs02            10.25.80.16      gpfs02           quorum-manager
 155   n131              10.25.80.131     n131             
 156   n095              10.25.80.95      n095             
 183   master            10.25.80.11      master           
 184   login01           10.25.80.12      login01          
 185   login02           10.25.80.13      login02          
 187   n096              10.25.80.96      n096             
 188   n097              10.25.80.97      n097             
 189   n098              10.25.80.98      n098             
 190   n099              10.25.80.99      n099             
 191   n101              10.25.80.101     n101             
 192   n103              10.25.80.103     n103             
 193   n104              10.25.80.104     n104             
 195   n106              10.25.80.106     n106             
 196   n107              10.25.80.107     n107             
 197   n108              10.25.80.108     n108             
 198   n109              10.25.80.109     n109             
 199   n110              10.25.80.110     n110             
 200   n111              10.25.80.111     n111             
 201   n112              10.25.80.112     n112             
 202   n113              10.25.80.113     n113             
 203   n114              10.25.80.114     n114             
 204   n117              10.25.80.117     n117             
 205   n118              10.25.80.118     n118             
 206   n119              10.25.80.119     n119             
 207   n120              10.25.80.120     n120             
 208   n122              10.25.80.122     n122             
 209   n123              10.25.80.123     n123             
 210   n124              10.25.80.124     n124             
 211   n125              10.25.80.125     n125             
 212   n126              10.25.80.126     n126             
 213   n127              10.25.80.127     n127             
 214   n128              10.25.80.128     n128             
 215   n129              10.25.80.129     n129             
 216   n130              10.25.80.130     n130             
 217   n105              10.25.80.105     n105             
 218   n121              10.25.80.121     n121             
 219   n132              10.25.80.132     n132             
 220   n133              10.25.80.133     n133             
 221   n134              10.25.80.134     n134             
 222   n135              10.25.80.135     n135             
 223   n136              10.25.80.136     n136             
 224   n138              10.25.80.138     n138             
 225   n139              10.25.80.139     n139             
 226   n140              10.25.80.140     n140             
 227   n141              10.25.80.141     n141             
 228   n142              10.25.80.142     n142             
 229   n143              10.25.80.143     n143             
 230   n145              10.25.80.145     n145             
 231   n146              10.25.80.146     n146             
 232   n147              10.25.80.147     n147             
 233   n148              10.25.80.148     n148             
 234   n149              10.25.80.149     n149             
 235   n150              10.25.80.150     n150             
 236   n151              10.25.80.151     n151             
 237   n152              10.25.80.152     n152             
 238   n153              10.25.80.153     n153             
 239   n154              10.25.80.154     n154             
 240   n155              10.25.80.155     n155             
 241   n158              10.25.80.158     n158             
 242   n100              10.25.80.100     n100             
 243   n102              10.25.80.102     n102             
 244   n115              10.25.80.115     n115             
 245   n159              10.25.80.159     n159             
 246   n156              10.25.80.156     n156             
 247   n157              10.25.80.157     n157             
 248   n116              10.25.80.116     n116             
 249   n161              10.25.80.161     n161             
 250   n162              10.25.80.162     n162             
 251   n163              10.25.80.163     n163             
 252   n164              10.25.80.164     n164             
 253   n165              10.25.80.165     n165             
 254   n166              10.25.80.166     n166             
 255   n167              10.25.80.167     n167             
 256   n168              10.25.80.168     n168             
 257   n169              10.25.80.169     n169             
 258   n170              10.25.80.170     n170             
 259   n171              10.25.80.171     n171             
 260   n172              10.25.80.172     n172             
 261   n173              10.25.80.173     n173             
 262   n174              10.25.80.174     n174             
 263   n160              10.25.80.160     n160             
 264   n137              10.25.80.137     n137             
 265   n144              10.25.80.144     n144             [root@bruclu016-n01 ~]# mmlscluster 

GPFS cluster information
========================
  GPFS cluster name:         GPFS.ESI-Group
  GPFS cluster id:           1194318350905388747
  GPFS UID domain:           GPFS.ESI-Group
  Remote shell command:      /usr/bin/ssh
  Remote file copy command:  /usr/bin/scp
  Repository type:           CCR
  https://www.ibm.com/docs/en/storage-scale/5.2.2?topic=architecture-cluster-configuration-repository
  

 Node  Daemon node name  IP address       Admin node name  Designation
-----------------------------------------------------------------------
   1   gpfs01            10.25.80.15      gpfs01           quorum-manager
   2   gpfs02            10.25.80.16      gpfs02           quorum-manager
 155   n131              10.25.80.131     n131             
 156   n095              10.25.80.95      n095             
 183   master            10.25.80.11      master           
 184   login01           10.25.80.12      login01          
 185   login02           10.25.80.13      login02          
 187   n096              10.25.80.96      n096             
 188   n097              10.25.80.97      n097             
 189   n098              10.25.80.98      n098             
 190   n099              10.25.80.99      n099             
 191   n101              10.25.80.101     n101             
 192   n103              10.25.80.103     n103             
 193   n104              10.25.80.104     n104             
 195   n106              10.25.80.106     n106             
 196   n107              10.25.80.107     n107             
 197   n108              10.25.80.108     n108             
 198   n109              10.25.80.109     n109             
 199   n110              10.25.80.110     n110             
 200   n111              10.25.80.111     n111             
 201   n112              10.25.80.112     n112             
 202   n113              10.25.80.113     n113             
 203   n114              10.25.80.114     n114             
 204   n117              10.25.80.117     n117             
 205   n118              10.25.80.118     n118             
 206   n119              10.25.80.119     n119             
 207   n120              10.25.80.120     n120             
 208   n122              10.25.80.122     n122             
 209   n123              10.25.80.123     n123             
 210   n124              10.25.80.124     n124             
 211   n125              10.25.80.125     n125             
 212   n126              10.25.80.126     n126             
 213   n127              10.25.80.127     n127             
 214   n128              10.25.80.128     n128             
 215   n129              10.25.80.129     n129             
 216   n130              10.25.80.130     n130             
 217   n105              10.25.80.105     n105             
 218   n121              10.25.80.121     n121             
 219   n132              10.25.80.132     n132             
 220   n133              10.25.80.133     n133             
 221   n134              10.25.80.134     n134             
 222   n135              10.25.80.135     n135             
 223   n136              10.25.80.136     n136             
 224   n138              10.25.80.138     n138             
 225   n139              10.25.80.139     n139             
 226   n140              10.25.80.140     n140             
 227   n141              10.25.80.141     n141             
 228   n142              10.25.80.142     n142             
 229   n143              10.25.80.143     n143             
 230   n145              10.25.80.145     n145             
 231   n146              10.25.80.146     n146             
 232   n147              10.25.80.147     n147             
 233   n148              10.25.80.148     n148             
 234   n149              10.25.80.149     n149             
 235   n150              10.25.80.150     n150             
 236   n151              10.25.80.151     n151             
 237   n152              10.25.80.152     n152             
 238   n153              10.25.80.153     n153             
 239   n154              10.25.80.154     n154             
 240   n155              10.25.80.155     n155             
 241   n158              10.25.80.158     n158             
 242   n100              10.25.80.100     n100             
 243   n102              10.25.80.102     n102             
 244   n115              10.25.80.115     n115             
 245   n159              10.25.80.159     n159             
 246   n156              10.25.80.156     n156             
 247   n157              10.25.80.157     n157             
 248   n116              10.25.80.116     n116             
 249   n161              10.25.80.161     n161             
 250   n162              10.25.80.162     n162             
 251   n163              10.25.80.163     n163             
 252   n164              10.25.80.164     n164             
 253   n165              10.25.80.165     n165             
 254   n166              10.25.80.166     n166             
 255   n167              10.25.80.167     n167             
 256   n168              10.25.80.168     n168             
 257   n169              10.25.80.169     n169             
 258   n170              10.25.80.170     n170             
 259   n171              10.25.80.171     n171             
 260   n172              10.25.80.172     n172             
 261   n173              10.25.80.173     n173             
 262   n174              10.25.80.174     n174             
 263   n160              10.25.80.160     n160             
 264   n137              10.25.80.137     n137             
 265   n144              10.25.80.144     n144

High Availability in the GPFS Cluster 

[root@bruclu016-n01 ~]# mmces address list
Address        Node     Ces Group   Attributes
-------------- -------- ----------- ------------ 
10.25.80.17    gpfs02   none        none
10.25.88.14    gpfs01   none        none
10.25.88.200   gpfs02   none        nonemm 

mmces node suspend/resume 

[root@bruclu016-n01 ~]# mmces node list 
Node Number   Node Name   Node Groups   Node Flags
------------- ----------- ------------- ------------ 
1             gpfs01                    none
2             gpfs02                    none

How to check logs

[root@bruclu016-n01 ~]# mmhealth node eventlog
Node name:      gpfs01
Timestamp                         Event Name                             Severity             Details
2025-08-05 17:23:59.005961 CEST   eventlog_cleared                       INFO    On the node gpfs01, the eventlog was cleared.
2025-08-13 16:18:30.203111 CET    cluster_connections_down               WARNING Connection to cluster node 10.25.80.143 has all 2 connection(s) down. (Maximum 2).
2025-08-13 16:18:39.251816 CET    cluster_connections_down               WARNING Connection to cluster node 10.25.80.143 has all 1 connection(s) down. (Maximum 1).
2025-08-13 16:19:16.895462 CET    cluster_connections_ok                 INFO    All connections are good for target ip 10.25.80.143.
2025-08-20 15:53:19.603811 CEST   cluster_connections_bad                WARNING Connection to cluster node 10.25.80.139 has 1 bad connection(s). (Maximum 2).
2025-08-20 15:53:19.703840 CEST   cluster_connections_down               WARNING Connection to cluster node 10.25.80.139 has all 1 connection(s) down. (Maximum 1).
2025-08-20 15:54:22.782896 CEST   cluster_connections_ok                 INFO    All connections are good for target ip 10.25.80.139.
2025-08-22 16:59:15.391919 CET    cluster_connections_ok                 INFO    All connections are good for target ip 10.25.80.153.


## NFS Resource for external utilization

[root@bruclu016-n02 ~]# mmnfs export list ###Partitions shared with another nodes

Path                Delegations  Clients  
------------------  -----------  -------  
/gpfs/scratch-mstr  NONE         *        

[root@bruclu016-n02 ~]# 

### Optional topic 
[root@bruclu016-n02 ~]# mmuserauth service list
FILE access configuration : USERDEFINED
PARAMETERS               VALUES                   
-------------------------------------------------

OBJECT access not configured
PARAMETERS               VALUES                   
-------------------------------------------------
[root@bruclu016-n02 ~]# 

####samba

[root@bruclu016-n02 ~]# command -v net
/usr/lpp/mmfs/bin/net

### Test communicantion, check passwordmmsmb
[root@bruclu016-n02 ~]# net ads testjoin
Join is OK

[root@bruclu016-n02 ~]# mmsmb config list
SMB option                          value
                                    
add share command                   /usr/lpp/mmfs/bin/mmcesmmccrexport
aio read size                       1
aio write size                      1
aio_pthread:aio open                yes
allow dns updates                   disabled
change notify                       yes
change share command                /usr/lpp/mmfs/bin/mmcesmmcchexport
client NTLMv2 auth                  yes
ctdb locktime warn threshold        5000
ctdb:smbxsrv_open_global.tdb        false
debug hires timestamp               yes
delete share command                /usr/lpp/mmfs/bin/mmcesmmcdelexport
dfree cache time                    100
disable netbios                     yes
disable spoolss                     yes
dmapi support                       no
durable handles                     no
ea support                          yes
fileid:algorithm                    fsname
fileid:fstype allow                 gpfs
force unknown acl user              yes
fruit:copyfile                      yes
fruit:metadata                      stream
fruit:nfs_aces                      no
fruit:veto_appledouble              no
gencache:stabilize_count            100000
gencache:stabilize_interval         3600
gpfs:dfreequota                     yes
gpfs:hsm                            yes
gpfs:leases                         yes
gpfs:merge_writeappend              no
gpfs:prealloc                       yes
gpfs:sharemodes                     yes
gpfs:winattr                        yes
groupdb:backend                     tdb
host msdfs                          yes
idmap config * : backend            autorid
idmap config * : range              10000000-299999999
idmap config * : rangesize          1000000
idmap config * : read only          no
idmap:cache                         no
include system krb5 conf            no
kerberos method                     system keytab
kernel oplocks                      no
kernel share modes                  yes
large readwrite                     yes
level2 oplocks                      yes
log level                           3
log writeable files on exit         yes
logging                             syslog@0 file
mangled names                       illegal
map archive                         yes
map hidden                          yes
map readonly                        yes
map system                          yes
max log size                        100000
max open files                      20000
min domain uid                      1000
netbios name                        bruclu016
nfs4:acedup                         merge
nfs4:chown                          yes
nfs4:mode                           simple
notify:inotify                      yes
passdb backend                      tdbsam
password server                     *
posix locking                       no
preferred master                    no
printcap cache time                 0
read only                           no
readdir_attr:aapl_max_access        false
realm                               AD.KEYSIGHT.COM
restrict anonymous                  2
security                            ADS
server max protocol                 SMB3_11
server min protocol                 SMB2_02
server string                       IBM NAS
shadow:fixinodes                    yes
shadow:snapdir                      .snapshots
shadow:snapdirseverywhere           yes
shadow:sort                         desc
smbd exit on ip drop                yes
smbd profiling level                on
smbd:async search ask sharemode     yes
smbd:backgroundqueue                False
socket options                      TCP_NODELAY SO_KEEPALIVE TCP_KEEPCNT=4 TCP_KEEPIDLE=240 TCP_KEEPINTVL=15
store dos attributes                yes
strict allocate                     yes
strict locking                      auto
syncops:onclose                     no
syncops:onmeta                      no
tdbsam:map builtin                  no
time_audit:timeout                  5000
unix extensions                     no
use sendfile                        no
username map script                 /etc/smb_usermap.sh
vfs objects                         shadow_copy2 syncops gpfs fileid time_audit
wide links                          no
winbind max clients                 10000
winbind max domain connections      5
winbind:online check timeout        30
winbind:request profile threshold   5
workgroup                           KEYSIGHT

mmaddnode -N nXYZ
mmchlicense client --accept -N nXYZ

[root@bruclu016-n02 ~]# mmlsfs gpfs -Q 
flag                value                    description
------------------- ------------------------ -----------------------------------
 -Q                 user;group;fileset       Quotas accounting enabled
                    user;group;fileset       Quotas enforced
                    none                     Default quotas enabled

mmlsquota 

[root@bruclu016-n02 ~]# mmlsquota -d gpfs:scratch-mstr
         Default Block Limits(KB)                 |  Default File Limits
Filesystem Fileset    type      quota      limit  |     quota    limit  entryType
gpfs       scratch-mstr USR   314572800  377487360  |         0        0  default on
gpfs       scratch-mstr GRP           0          0  |         0        0  i         
[root@bruclu016-n02 ~]# 

[root@bruclu016-n02 ~]# mmrepquota -u -v gpfs
*** Report for USR quotas on gpfs
                         Block Limits                                    |                     File Limits
Name       fileset    type             KB      quota      limit   in_doubt    grace |    files   quota    limit in_doubt    grace entryType
root       root       USR            1152          0          0     327680     none |       65       0        0      363     none i         
wherlee5   scratch-mstr USR         4595584  314572800  377487360          0     none |     1078       0        0        0     none d_fset    
1151       scratch-mstr USR               0  314572800  377487360          0     none |        1       0        0        0     none d_fset    
vaibkaml   scratch-mstr USR        15271296  314572800  377487360          0     none |     1196       0        0        0     none d_fset    
ramosilv   scratch-mstr USR         8606336 1073741824 1288699904     428160     none |      482       0        0       53     none e         
1535       scratch-mstr USR               0  314572800  377487360          0     none |        1       0        0        0     none d_fset    
1663       scratch-mstr USR               0  314572800  377487360          0     none |        1       0        0        0     none d_fset    
adwavish   scratch-mstr USR       265672576  314572800  377487360     880384     none |     7258       0        0      168     none d_fset    